// Jest Snapshot v1, https://goo.gl/fbAQLP

exports[`Home snapshot 1`] = `
<RCTSafeAreaView
  emulateUnlessSupported={true}
  style={
    Object {
      "backgroundColor": "#0F1B2B",
      "flex": 1,
    }
  }
>
  <View
    style={
      Object {
        "alignItems": "center",
        "backgroundColor": "#0F1B2B",
        "flex": 1,
        "justifyContent": "center",
      }
    }
  >
    <Text
      style={
        Object {
          "color": "#FFFFFF",
          "fontSize": 24,
          "fontWeight": "600",
          "marginLeft": 10,
        }
      }
    >
      Home Screen
    </Text>
  </View>
</RCTSafeAreaView>
`;
