// Jest Snapshot v1, https://goo.gl/fbAQLP

exports[`AppInput snapshot 1`] = `
<View>
  <View
    style={
      Object {
        "paddingHorizontal": 10,
        "width": "100%",
      }
    }
  >
    <View
      collapsable={false}
      nativeID="animatedComponent"
      style={
        Object {
          "alignItems": "center",
          "borderBottomWidth": 1,
          "borderColor": "#86939e",
          "flexDirection": "row",
          "transform": Array [
            Object {
              "translateX": 0,
            },
          ],
        }
      }
    >
      <TextInput
        editable={true}
        placeholder="Search title"
        placeholderTextColor="#86939e"
        style={
          Object {
            "color": "#FFFFFF",
            "flex": 1,
            "fontSize": 18,
            "minHeight": 40,
          }
        }
        testID="RNE__Input__text-input"
        underlineColorAndroid="transparent"
      />
    </View>
    <Text
      style={
        Object {
          "color": "#ff190c",
          "fontSize": 12,
          "margin": 5,
        }
      }
    />
  </View>
</View>
`;
